candidates: 100
  6 Top 130 PL/SQL Multiple-Choice Questions (MCQ   added= 129  https://www.includehelp.com/sql/pl-sql-multiple-choice-questions-mcqs.aspx
  7 MySQL Multiple-Choice Questions (MCQs)          added=  24  https://www.includehelp.com/mcq/mysql-mcqs.aspx
  8 Transact-SQL (T-SQL) Multiple-Choice Question   added=  38  https://www.includehelp.com/mcq/transact-sql-t-sql-mcqs.aspx
  9 DBMS Overview Multiple-Choice Questions (MCQs   added=   9  https://www.includehelp.com/mcq/dbms-overview-multiple-choice-questions-mcqs-and-answers.aspx
 10 DBMS Databases & Types Multiple-Choice Questi   added=  19  https://www.includehelp.com/mcq/dbms-databases-types-multiple-choice-questions-mcqs-and-answers-1.aspx
 11 DBMS Databases & Types Multiple-Choice Questi   added=  18  https://www.includehelp.com/mcq/dbms-databases-types-multiple-choice-questions-mcqs-and-answers-2.aspx
 12 DBMS Databases & Types Multiple-Choice Questi   added=   9  https://www.includehelp.com/mcq/dbms-databases-types-multiple-choice-questions-mcqs-and-answers-3.aspx
 13 RDBMS, DBMS vs RDBMS Multiple-Choice Question   added=  19  https://www.includehelp.com/mcq/rdbms-dbms-vs-rdbms-multiple-choice-questions-mcqs-and-answers.aspx
 14 DBMS Architecture Multiple-Choice Questions (   added=  29  https://www.includehelp.com/mcq/dbms-architecture-multiple-choice-questions-mcqs-and-answers.aspx
 15 DBMS Data Models Multiple-Choice Questions (M   added=  21  https://www.includehelp.com/mcq/dbms-data-models-multiple-choice-questions-mcqs-and-answers.aspx
 16 DBMS Data Independence Multiple-Choice Questi   added=   9  https://www.includehelp.com/mcq/dbms-data-independence-multiple-choice-questions.aspx
 17 DBMS Language Multiple-Choice Questions (MCQs   added=  29  https://www.includehelp.com/mcq/dbms-language-multiple-choice-questions.aspx
 18 DBMS Keys Multiple-Choice Questions (MCQs)      added=   8  https://www.includehelp.com/mcq/dbms-keys-multiple-choice-questions-mcqs.aspx
 19 DBMS Constraints Multiple-Choice Questions (M   added=   9  https://www.includehelp.com/mcq/dbms-constraints-multiple-choice-questions-mcqs.aspx
 20 DBMS Generalization, Specialization, and Aggr   added=  11  https://www.includehelp.com/mcq/dbms-generalization-specialization-and-aggregation-mcqs.aspx
 21 DBMS ER-Diagram Reduction to Table Multiple-C   added=   9  https://www.includehelp.com/mcq/dbms-er-diagram-reduction-to-table-mcqs.aspx
 22 DBMS Higher Degree Relationship Multiple-Choi   added=  11  https://www.includehelp.com/mcq/dbms-higher-degree-relationship-mcqs.aspx
 23 DBMS Relational Model Concepts Multiple-Choic   added=  11  https://www.includehelp.com/mcq/dbms-relational-model-concepts-mcqs.aspx
 24 DBMS Relational Algebra Multiple-Choice Quest   added=  18  https://www.includehelp.com/mcq/dbms-relational-algebra-mcqs.aspx
 25 DBMS Integrity Constraints Multiple-Choice Qu   added=  20  https://www.includehelp.com/mcq/dbms-integrity-constraints-mcqs.aspx
 26 DBMS Join Operations Multiple-Choice Question   added=  19  https://www.includehelp.com/mcq/dbms-join-operations-mcqs.aspx
 27 DBMS Relational Calculus Multiple-Choice Ques   added=  19  https://www.includehelp.com/mcq/dbms-relational-calculus-mcqs.aspx
 28 DBMS Functional Dependency Multiple-Choice Qu   added=   9  https://www.includehelp.com/mcq/dbms-functional-dependency-mcqs.aspx
 29 DBMS Inference Rule (IR) Multiple-Choice Ques   added=  20  https://www.includehelp.com/mcq/dbms-inference-rule-ir-mcqs.aspx
 30 DBMS Normalization Multiple-Choice Questions    added=  21  https://www.includehelp.com/mcq/dbms-normalization-mcqs.aspx
 31 DBMS Relational Decomposition Multiple-Choice   added=  11  https://www.includehelp.com/mcq/dbms-relational-decomposition-mcqs.aspx
 32 DBMS Types of Dependency Multiple-Choice Ques   added=   9  https://www.includehelp.com/mcq/dbms-types-of-dependency-mcqs.aspx
 33 DBMS Transaction Multiple-Choice Questions (M   added=  22  https://www.includehelp.com/mcq/dbms-transaction-mcqs.aspx
 34 DBMS States of Transaction Multiple-Choice Qu   added=  15  https://www.includehelp.com/mcq/dbms-states-of-transaction-mcqs.aspx
 35 DBMS Schedule Multiple-Choice Questions (MCQs   added=  34  https://www.includehelp.com/mcq/dbms-schedule-mcqs.aspx
 36 DBMS Log-Based Recovery Multiple-Choice Quest   added=  12  https://www.includehelp.com/mcq/dbms-log-based-recovery-mcqs.aspx
 37 DBMS Failure Classification Multiple-Choice Q   added=  10  https://www.includehelp.com/mcq/dbms-failure-classification-mcqs.aspx
 38 DBMS Concurrency Control Multiple-Choice Ques   added=  17  https://www.includehelp.com/mcq/dbms-concurrency-control-mcqs.aspx
 39 DBMS Deadlock Multiple-Choice Questions (MCQs   added=  18  https://www.includehelp.com/mcq/dbms-deadlock-mcqs.aspx
 40 DBMS Checkpoint Multiple-Choice Questions (MC   added=  15  https://www.includehelp.com/mcq/dbms-checkpoint-mcqs.aspx
 41 DBMS Validation Based Protocol Multiple-Choic   added=  16  https://www.includehelp.com/mcq/dbms-validation-based-protocol-mcqs.aspx
 42 DBMS Timestamp Ordering Protocol Multiple-Cho   added=   8  https://www.includehelp.com/mcq/dbms-timestamp-ordering-protocol-mcqs.aspx
 43 DBMS Lock-Based Protocol Multiple-Choice Ques   added=  26  https://www.includehelp.com/mcq/dbms-lock-based-protocol-mcqs.aspx
 45 DBMS Multiple Granularity Multiple-Choice Que   added=  18  https://www.includehelp.com/mcq/dbms-multiple-granularity-mcqs.aspx
 46 DBMS Thomas Write Rule Multiple-Choice Questi   added=   7  https://www.includehelp.com/mcq/dbms-thomas-write-rule-mcqs.aspx
 47 DBMS Heap File Organization Multiple-Choice Q   added=  15  https://www.includehelp.com/mcq/dbms-heap-file-organization-mcqs.aspx
 48 DBMS Sequential File Organization Multiple-Ch   added=  17  https://www.includehelp.com/mcq/dbms-sequential-file-organization-mcqs.aspx
 49 DBMS File Organization Multiple-Choice Questi   added=  14  https://www.includehelp.com/mcq/dbms-file-organization-mcqs.aspx
 50 DBMS Indexed Sequential Access Method (ISAM)    added=  10  https://www.includehelp.com/mcq/dbms-indexed-sequential-access-method-isam-mcqs.aspx
 51 DBMS B+ File Organization Multiple-Choice Que   added=  12  https://www.includehelp.com/mcq/dbms-b-file-organization-mcqs.aspx
 52 DBMS Hash File Organization Multiple-Choice Q   added=   5  https://www.includehelp.com/mcq/dbms-hash-file-organization-mcqs.aspx
 53 DBMS B+ Tree Multiple-Choice Questions (MCQs)   added=  13  https://www.includehelp.com/mcq/dbms-b-tree-mcqs.aspx
 54 DBMS Indexing Multiple-Choice Questions (MCQs   added=  40  https://www.includehelp.com/mcq/dbms-indexing-mcqs.aspx
 55 DBMS Cluster File Organization Multiple-Choic   added=  15  https://www.includehelp.com/mcq/dbms-cluster-file-organization-mcqs.aspx
 56 DBMS Dynamic Hashing Multiple-Choice Question   added=  16  https://www.includehelp.com/mcq/dbms-dynamic-hashing-mcqs.aspx
 57 DBMS Static Hashing Multiple-Choice Questions   added=  15  https://www.includehelp.com/mcq/dbms-static-hashing-mcqs.aspx
 58 DBMS Hashing Multiple-Choice Questions (MCQs)   added=  10  https://www.includehelp.com/mcq/dbms-hashing-mcqs.aspx
 59 DBMS RAID Multiple-Choice Questions (MCQs)      added=  58  https://www.includehelp.com/mcq/dbms-raid-mcqs.aspx
 60 DBMS Decomposition Algorithms Multiple-Choice   added=  26  https://www.includehelp.com/mcq/dbms-decomposition-algorithms-mcqs.aspx
 61 DBMS Storage System Multiple-Choice Questions   added=  51  https://www.includehelp.com/mcq/dbms-storage-system-mcqs.aspx
 62 DBMS File Organization Storage Multiple-Choic   added=  27  https://www.includehelp.com/mcq/dbms-file-organization-storage-mcqs.aspx
 63 DBMS Buffer Replacement Strategies Multiple-C   added=   9  https://www.includehelp.com/mcq/dbms-buffer-replacement-strategies-mcqs.aspx
 64 DBMS Data Dictionary Storage Multiple-Choice    added=   9  https://www.includehelp.com/mcq/dbms-data-dictionary-storage-mcqs.aspx
 65 DBMS Database Buffer Multiple-Choice Question   added=  19  https://www.includehelp.com/mcq/dbms-database-buffer-mcqs.aspx
 66 DBMS Estimating Query Cost Multiple-Choice Qu   added=   9  https://www.includehelp.com/mcq/dbms-estimating-query-cost-mcqs.aspx
 67 DBMS Query Processing Multiple-Choice Questio   added=  26  https://www.includehelp.com/mcq/dbms-query-processing-mcqs.aspx
 68 DBMS Evaluation of Expressions Multiple-Choic   added=  10  https://www.includehelp.com/mcq/dbms-evaluation-of-expressions-mcqs.aspx
 69 DBMS External Sort-Merge Algorithm Multiple-C   added=  11  https://www.includehelp.com/mcq/dbms-external-sort-merge-algorithm-mcqs.aspx
 70 DBMS Merge Join Algorithm Multiple-Choice Que   added=   9  https://www.includehelp.com/mcq/dbms-merge-join-algorithm-mcqs.aspx
 71 DBMS Nested-Loop Join Algorithm Multiple-Choi   added=  19  https://www.includehelp.com/mcq/dbms-nested-loop-join-algorithm-mcqs.aspx
 72 DBMS Selection Operation in Query Processing    added=  28  https://www.includehelp.com/mcq/dbms-selection-operation-in-query-processing-mcqs.aspx
 73 DBMS Pipelining Implementation Multiple-Choic   added=   9  https://www.includehelp.com/mcq/dbms-pipelining-implementation-mcqs.aspx
 74 DBMS Double-Pipelined Join Algorithm Multiple   added=   6  https://www.includehelp.com/mcq/dbms-double-pipelined-join-algorithm-mcqs.aspx

wrote /home/user/question-bank/csv/web/dbms_sql_web.csv: 1284 rows from 68 leaf pages
