candidates: 51
  2 Discrete Mathematics | Sets Introduction Multipl   added=  24  https://www.includehelp.com/mcq/discrete-mathematics-sets-introduction-mcqs.aspx
  3 Discrete Mathematics | Types of Sets Multiple-Ch   added=  33  https://www.includehelp.com/mcq/discrete-mathematics-types-of-sets-mcqs.aspx
  4 Discrete Mathematics | Operation on Sets Multipl   added=   5  https://www.includehelp.com/mcq/discrete-mathematics-operation-on-sets-mcqs.aspx
  5 Discrete Mathematics | Algebra of Sets Multiple-   added=  13  https://www.includehelp.com/mcq/discrete-mathematics-algebra-of-sets-mcqs.aspx
  6 Discrete Mathematics | Multisets Multiple-Choice   added=  12  https://www.includehelp.com/mcq/discrete-mathematics-multisets-mcqs.aspx
  7 Discrete Mathematics | Representation and Types    added=  14  https://www.includehelp.com/mcq/discrete-mathematics-representation-and-types-of-relations-mcqs.aspx
  8 Discrete Mathematics | Partial Order Relations M   added=   6  https://www.includehelp.com/mcq/discrete-mathematics-partial-order-relations-mcqs.aspx
  9 Discrete Mathematics | Functions Multiple-Choice   added=   7  https://www.includehelp.com/mcq/discrete-mathematics-functions-mcqs.aspx
 10 Discrete Mathematics | Identity and Composition    added=   9  https://www.includehelp.com/mcq/discrete-mathematics-identity-and-composition-of-functions-mcqs.aspx
 11 Discrete Mathematics | Algorithms and Functions    added=  20  https://www.includehelp.com/mcq/discrete-mathematics-algorithms-and-functions-mcqs.aspx
 12 Discrete Mathematics | Mathematical Functions Mu   added=  20  https://www.includehelp.com/mcq/discrete-mathematics-mathematical-functions-mcqs.aspx
 13 Discrete Mathematics | Propositions and Compound   added=  13  https://www.includehelp.com/mcq/discrete-mathematics-propositions-and-compound-statements-mcqs.aspx
 14 Discrete Mathematics | Basic Logical Operations    added=  30  https://www.includehelp.com/mcq/discrete-mathematics-basic-logical-operations-mcqs.aspx
 15 Discrete Mathematics | Conditional and Biconditi   added=  21  https://www.includehelp.com/mcq/discrete-mathematics-conditional-and-biconditional-statements-mcqs.aspx
 16 Discrete Mathematics | Tautologies and Contradic   added=   7  https://www.includehelp.com/mcq/discrete-mathematics-tautologies-and-contradiction-mcqs.aspx
 17 Discrete Mathematics | Predicate Logics Multiple   added=  19  https://www.includehelp.com/mcq/discrete-mathematics-predicate-logics-mcqs.aspx
 18 Discrete Mathematics | Normal Forms Multiple-Cho   added=   5  https://www.includehelp.com/mcq/discrete-mathematics-normal-forms-mcqs.aspx
 19 Discrete Mathematics | Basic Counting Principles   added=  12  https://www.includehelp.com/mcq/discrete-mathematics-basic-counting-principles-mcqs.aspx
 20 Discrete Mathematics | Permutation and Combinati   added=  10  https://www.includehelp.com/mcq/discrete-mathematics-permutation-and-combinations-mcqs.aspx
 21 Discrete Mathematics | Pigeonhole Principle and    added=   5  https://www.includehelp.com/mcq/discrete-mathematics-pigeonhole-principle-and-recurrence-relations-mcqs.aspx
 22 Discrete Mathematics | Linear Recurrence Relatio   added=  11  https://www.includehelp.com/mcq/discrete-mathematics-linear-recurrence-relations-with-constant-coefficients-mcqs.aspx
 23 Discrete Mathematics | Particular Solution Multi   added=  14  https://www.includehelp.com/mcq/discrete-mathematics-particular-solution-mcqs.aspx
 24 Discrete Mathematics | Total Solution and Genera   added=   5  https://www.includehelp.com/mcq/discrete-mathematics-total-solution-and-generating-functions-mcqs.aspx
 25 Discrete Mathematics | Graph Multiple-Choice Que   added=  21  https://www.includehelp.com/mcq/discrete-mathematics-graph-mcqs.aspx
 26 Discrete Mathematics | Types of Graphs Multiple-   added=  14  https://www.includehelp.com/mcq/discrete-mathematics-types-of-graphs-mcqs.aspx
 27 Discrete Mathematics | Isomorphic, Homeomorphic,   added=  17  https://www.includehelp.com/mcq/discrete-mathematics-isomorphic-homeomorphic-regular-and-bipartite-graphs-mcqs.aspx
 28 Discrete Mathematics | Representation of Graphs    added=   7  https://www.includehelp.com/mcq/discrete-mathematics-representation-of-graphs-mcqs.aspx
 29 Discrete Mathematics | Planar and Non-Planar Gra   added=  20  https://www.includehelp.com/mcq/discrete-mathematics-planar-and-non-planar-graphs-mcqs.aspx
 30 Discrete Mathematics | Binary Operation Multiple   added=   7  https://www.includehelp.com/mcq/discrete-mathematics-binary-operation-mcqs.aspx
 31 Discrete Mathematics | Trees Introduction Multip   added=  12  https://www.includehelp.com/mcq/discrete-mathematics-trees-introduction-mcqs.aspx
 32 Discrete Mathematics | Binary Trees Multiple-Cho   added=  25  https://www.includehelp.com/mcq/discrete-mathematics-binary-trees-mcqs.aspx
 33 Discrete Mathematics | Binary Trees Traversal Mu   added=   6  https://www.includehelp.com/mcq/discrete-mathematics-binary-trees-traversal-mcqs.aspx
 34 Discrete Mathematics | Binary Search Trees Multi   added=   9  https://www.includehelp.com/mcq/discrete-mathematics-binary-search-trees-mcqs.aspx
 35 Discrete Mathematics | Binary Operations Propert   added=  10  https://www.includehelp.com/mcq/discrete-mathematics-binary-operations-properties-mcqs.aspx
 36 Discrete Mathematics | Minimum Spanning Tree Mul   added=   4  https://www.includehelp.com/mcq/discrete-mathematics-minimum-spanning-tree-mcqs.aspx
 37 Discrete Mathematics | Dijkstra's Algorithm and    added=   5  https://www.includehelp.com/mcq/discrete-mathematics-dijkstras-algorithm-and-travelling-salesman-problem-mcqs.aspx
 38 Discrete Mathematics | Karnaugh Maps Multiple-Ch   added=   9  https://www.includehelp.com/mcq/discrete-mathematics-karnaugh-maps-mcqs.aspx
 39 Discrete Mathematics | Group Multiple-Choice Que   added=  16  https://www.includehelp.com/mcq/discrete-mathematics-group-mcqs.aspx
 40 Discrete Mathematics | Subgroup Multiple-Choice    added=  11  https://www.includehelp.com/mcq/discrete-mathematics-subgroup-mcqs.aspx
 41 Discrete Mathematics | SemiGroup Multiple-Choice   added=   6  https://www.includehelp.com/mcq/discrete-mathematics-semigroup-mcqs.aspx
 42 Discrete Mathematics | Normal Subgroup Multiple-   added=   9  https://www.includehelp.com/mcq/discrete-mathematics-normal-subgroup-mcqs.aspx
 43 Discrete Mathematics | Boolean Algebra Multiple-   added=  18  https://www.includehelp.com/mcq/discrete-mathematics-boolean-algebra-mcqs.aspx
 44 Discrete Mathematics | Boolean Expressions Multi   added=   5  https://www.includehelp.com/mcq/discrete-mathematics-boolean-expressions-mcqs.aspx
 45 Discrete Mathematics | Canonical Forms Multiple-   added=  10  https://www.includehelp.com/mcq/discrete-mathematics-canonical-forms-mcqs.aspx
 46 Discrete Mathematics | Partially Ordered Sets Mu   added=   9  https://www.includehelp.com/mcq/discrete-mathematics-partially-ordered-sets-mcqs.aspx
 47 Discrete Mathematics | Probability Multiple-Choi   added=  40  https://www.includehelp.com/mcq/discrete-mathematics-probability-mcqs.aspx
 48 Discrete Mathematics | Logic Gates and Circuits    added=  17  https://www.includehelp.com/mcq/discrete-mathematics-logic-gates-and-circuits-mcqs.aspx
 49 Discrete Mathematics | Lattices Multiple-Choice    added=  11  https://www.includehelp.com/mcq/discrete-mathematics-lattices-mcqs.aspx
 50 Discrete Mathematics | Hasse Diagrams Multiple-C   added=  14  https://www.includehelp.com/mcq/discrete-mathematics-hasse-diagrams-mcqs.aspx
wrote /home/user/question-bank/csv/web/discrete_math_web.csv: 647 rows from 49 pages
