DS topics: 19
  page 1: 10 q  https://www.examveda.com/data-structure/practice-mcq-question-on-introduction-to-data-structures/
  page 2: 10 q  https://www.examveda.com/data-structure/practice-mcq-question-on-introduction-to-data-structures/?page=2
  page 3: 10 q  https://www.examveda.com/data-structure/practice-mcq-question-on-introduction-to-data-structures/?page=3
  page 4: 10 q  https://www.examveda.com/data-structure/practice-mcq-question-on-introduction-to-data-structures/?page=4
  page 5: 10 q  https://www.examveda.com/data-structure/practice-mcq-question-on-introduction-to-data-structures/?page=5
  page 6: 10 q  https://www.examveda.com/data-structure/practice-mcq-question-on-introduction-to-data-structures/?page=6
  page 7: 10 q  https://www.examveda.com/data-structure/practice-mcq-question-on-introduction-to-data-structures/?page=7
  page 8: 10 q  https://www.examveda.com/data-structure/practice-mcq-question-on-introduction-to-data-structures/?page=8
  page 9: 10 q  https://www.examveda.com/data-structure/practice-mcq-question-on-introduction-to-data-structures/?page=9
  page 10: 10 q  https://www.examveda.com/data-structure/practice-mcq-question-on-introduction-to-data-structures/?page=10
  topic : 100
  page 1: 10 q  https://www.examveda.com/data-structure/practice-mcq-question-on-arrays-in-data-structures/
  page 2: 10 q  https://www.examveda.com/data-structure/practice-mcq-question-on-arrays-in-data-structures/?page=2
  page 3: 10 q  https://www.examveda.com/data-structure/practice-mcq-question-on-arrays-in-data-structures/?page=3
  page 4: 10 q  https://www.examveda.com/data-structure/practice-mcq-question-on-arrays-in-data-structures/?page=4
  page 5: 9 q  https://www.examveda.com/data-structure/practice-mcq-question-on-arrays-in-data-structures/?page=5
  page 6: 10 q  https://www.examveda.com/data-structure/practice-mcq-question-on-arrays-in-data-structures/?page=6
  page 7: 9 q  https://www.examveda.com/data-structure/practice-mcq-question-on-arrays-in-data-structures/?page=7
  page 8: 8 q  https://www.examveda.com/data-structure/practice-mcq-question-on-arrays-in-data-structures/?page=8
  page 9: 10 q  https://www.examveda.com/data-structure/practice-mcq-question-on-arrays-in-data-structures/?page=9
  page 10: 9 q  https://www.examveda.com/data-structure/practice-mcq-question-on-arrays-in-data-structures/?page=10
  topic : 95
  page 1: 10 q  https://www.examveda.com/data-structure/practice-mcq-question-on-linked-lists-in-data-structures/
  page 2: 10 q  https://www.examveda.com/data-structure/practice-mcq-question-on-linked-lists-in-data-structures/?page=2
  page 3: 10 q  https://www.examveda.com/data-structure/practice-mcq-question-on-linked-lists-in-data-structures/?page=3
  page 4: 10 q  https://www.examveda.com/data-structure/practice-mcq-question-on-linked-lists-in-data-structures/?page=4
  page 5: 10 q  https://www.examveda.com/data-structure/practice-mcq-question-on-linked-lists-in-data-structures/?page=5
  page 6: 10 q  https://www.examveda.com/data-structure/practice-mcq-question-on-linked-lists-in-data-structures/?page=6
  page 7: 8 q  https://www.examveda.com/data-structure/practice-mcq-question-on-linked-lists-in-data-structures/?page=7
  page 8: 9 q  https://www.examveda.com/data-structure/practice-mcq-question-on-linked-lists-in-data-structures/?page=8
  page 9: 10 q  https://www.examveda.com/data-structure/practice-mcq-question-on-linked-lists-in-data-structures/?page=9
  page 10: 7 q  https://www.examveda.com/data-structure/practice-mcq-question-on-linked-lists-in-data-structures/?page=10
  topic : 94
  page 1: 10 q  https://www.examveda.com/data-structure/practice-mcq-question-on-stacks-in-data-structures/
  page 2: 10 q  https://www.examveda.com/data-structure/practice-mcq-question-on-stacks-in-data-structures/?page=2
  page 3: 10 q  https://www.examveda.com/data-structure/practice-mcq-question-on-stacks-in-data-structures/?page=3
  page 4: 10 q  https://www.examveda.com/data-structure/practice-mcq-question-on-stacks-in-data-structures/?page=4
  page 5: 10 q  https://www.examveda.com/data-structure/practice-mcq-question-on-stacks-in-data-structures/?page=5
  page 6: 8 q  https://www.examveda.com/data-structure/practice-mcq-question-on-stacks-in-data-structures/?page=6
  page 7: 7 q  https://www.examveda.com/data-structure/practice-mcq-question-on-stacks-in-data-structures/?page=7
  page 8: 9 q  https://www.examveda.com/data-structure/practice-mcq-question-on-stacks-in-data-structures/?page=8
  page 9: 8 q  https://www.examveda.com/data-structure/practice-mcq-question-on-stacks-in-data-structures/?page=9
  page 10: 9 q  https://www.examveda.com/data-structure/practice-mcq-question-on-stacks-in-data-structures/?page=10
  topic : 91
  page 1: 10 q  https://www.examveda.com/data-structure/practice-mcq-question-on-queues-in-data-structures/
  page 2: 10 q  https://www.examveda.com/data-structure/practice-mcq-question-on-queues-in-data-structures/?page=2
  page 3: 10 q  https://www.examveda.com/data-structure/practice-mcq-question-on-queues-in-data-structures/?page=3
  page 4: 10 q  https://www.examveda.com/data-structure/practice-mcq-question-on-queues-in-data-structures/?page=4
  page 5: 5 q  https://www.examveda.com/data-structure/practice-mcq-question-on-queues-in-data-structures/?page=5
  topic : 45
  page 1: 10 q  https://www.examveda.com/data-structure/practice-mcq-question-on-trees-in-data-structures/
  page 2: 10 q  https://www.examveda.com/data-structure/practice-mcq-question-on-trees-in-data-structures/?page=2
  page 3: 10 q  https://www.examveda.com/data-structure/practice-mcq-question-on-trees-in-data-structures/?page=3
  page 4: 10 q  https://www.examveda.com/data-structure/practice-mcq-question-on-trees-in-data-structures/?page=4
  page 5: 9 q  https://www.examveda.com/data-structure/practice-mcq-question-on-trees-in-data-structures/?page=5
  page 6: 10 q  https://www.examveda.com/data-structure/practice-mcq-question-on-trees-in-data-structures/?page=6
  page 7: 7 q  https://www.examveda.com/data-structure/practice-mcq-question-on-trees-in-data-structures/?page=7
  page 8: 7 q  https://www.examveda.com/data-structure/practice-mcq-question-on-trees-in-data-structures/?page=8
  page 9: 8 q  https://www.examveda.com/data-structure/practice-mcq-question-on-trees-in-data-structures/?page=9
  page 10: 10 q  https://www.examveda.com/data-structure/practice-mcq-question-on-trees-in-data-structures/?page=10
  topic : 91
  page 1: 10 q  https://www.examveda.com/data-structure/practice-mcq-question-on-binary-search-trees(b-tree)/
  page 2: 10 q  https://www.examveda.com/data-structure/practice-mcq-question-on-binary-search-trees(b-tree)/?page=2
  page 3: 10 q  https://www.examveda.com/data-structure/practice-mcq-question-on-binary-search-trees(b-tree)/?page=3
  page 4: 10 q  https://www.examveda.com/data-structure/practice-mcq-question-on-binary-search-trees(b-tree)/?page=4
  page 5: 10 q  https://www.examveda.com/data-structure/practice-mcq-question-on-binary-search-trees(b-tree)/?page=5
  page 6: 9 q  https://www.examveda.com/data-structure/practice-mcq-question-on-binary-search-trees(b-tree)/?page=6
  page 7: 9 q  https://www.examveda.com/data-structure/practice-mcq-question-on-binary-search-trees(b-tree)/?page=7
  page 8: 8 q  https://www.examveda.com/data-structure/practice-mcq-question-on-binary-search-trees(b-tree)/?page=8
  page 9: 8 q  https://www.examveda.com/data-structure/practice-mcq-question-on-binary-search-trees(b-tree)/?page=9
  page 10: 9 q  https://www.examveda.com/data-structure/practice-mcq-question-on-binary-search-trees(b-tree)/?page=10
  topic : 93
  page 1: 10 q  https://www.examveda.com/data-structure/practice-mcq-question-on-heaps/
  page 2: 10 q  https://www.examveda.com/data-structure/practice-mcq-question-on-heaps/?page=2
  page 3: 10 q  https://www.examveda.com/data-structure/practice-mcq-question-on-heaps/?page=3
  page 4: 10 q  https://www.examveda.com/data-structure/practice-mcq-question-on-heaps/?page=4
  page 5: 8 q  https://www.examveda.com/data-structure/practice-mcq-question-on-heaps/?page=5
  page 6: 10 q  https://www.examveda.com/data-structure/practice-mcq-question-on-heaps/?page=6
  page 7: 7 q  https://www.examveda.com/data-structure/practice-mcq-question-on-heaps/?page=7
  page 8: 10 q  https://www.examveda.com/data-structure/practice-mcq-question-on-heaps/?page=8
  page 9: 6 q  https://www.examveda.com/data-structure/practice-mcq-question-on-heaps/?page=9
  page 10: 9 q  https://www.examveda.com/data-structure/practice-mcq-question-on-heaps/?page=10
  topic : 90
  page 1: 10 q  https://www.examveda.com/data-structure/practice-mcq-question-on-hashing/
  page 2: 10 q  https://www.examveda.com/data-structure/practice-mcq-question-on-hashing/?page=2
  page 3: 10 q  https://www.examveda.com/data-structure/practice-mcq-question-on-hashing/?page=3
  page 4: 10 q  https://www.examveda.com/data-structure/practice-mcq-question-on-hashing/?page=4
  page 5: 9 q  https://www.examveda.com/data-structure/practice-mcq-question-on-hashing/?page=5
  page 6: 7 q  https://www.examveda.com/data-structure/practice-mcq-question-on-hashing/?page=6
  page 7: 7 q  https://www.examveda.com/data-structure/practice-mcq-question-on-hashing/?page=7
  page 8: 10 q  https://www.examveda.com/data-structure/practice-mcq-question-on-hashing/?page=8
  page 9: 8 q  https://www.examveda.com/data-structure/practice-mcq-question-on-hashing/?page=9
  page 10: 10 q  https://www.examveda.com/data-structure/practice-mcq-question-on-hashing/?page=10
  topic : 91
  page 1: 10 q  https://www.examveda.com/data-structure/practice-mcq-question-on-graphs/
  page 2: 10 q  https://www.examveda.com/data-structure/practice-mcq-question-on-graphs/?page=2
  page 3: 10 q  https://www.examveda.com/data-structure/practice-mcq-question-on-graphs/?page=3
  page 4: 10 q  https://www.examveda.com/data-structure/practice-mcq-question-on-graphs/?page=4
  page 5: 10 q  https://www.examveda.com/data-structure/practice-mcq-question-on-graphs/?page=5
  page 6: 8 q  https://www.examveda.com/data-structure/practice-mcq-question-on-graphs/?page=6
  page 7: 8 q  https://www.examveda.com/data-structure/practice-mcq-question-on-graphs/?page=7
  page 8: 10 q  https://www.examveda.com/data-structure/practice-mcq-question-on-graphs/?page=8
  page 9: 5 q  https://www.examveda.com/data-structure/practice-mcq-question-on-graphs/?page=9
  page 10: 9 q  https://www.examveda.com/data-structure/practice-mcq-question-on-graphs/?page=10
  topic : 90
  page 1: 10 q  https://www.examveda.com/data-structure/practice-mcq-question-on-sorting-algorithms/
  page 2: 10 q  https://www.examveda.com/data-structure/practice-mcq-question-on-sorting-algorithms/?page=2
  page 3: 10 q  https://www.examveda.com/data-structure/practice-mcq-question-on-sorting-algorithms/?page=3
  page 4: 10 q  https://www.examveda.com/data-structure/practice-mcq-question-on-sorting-algorithms/?page=4
  page 5: 9 q  https://www.examveda.com/data-structure/practice-mcq-question-on-sorting-algorithms/?page=5
  page 6: 10 q  https://www.examveda.com/data-structure/practice-mcq-question-on-sorting-algorithms/?page=6
  page 7: 8 q  https://www.examveda.com/data-structure/practice-mcq-question-on-sorting-algorithms/?page=7
  page 8: 8 q  https://www.examveda.com/data-structure/practice-mcq-question-on-sorting-algorithms/?page=8
  page 9: 8 q  https://www.examveda.com/data-structure/practice-mcq-question-on-sorting-algorithms/?page=9
  page 10: 9 q  https://www.examveda.com/data-structure/practice-mcq-question-on-sorting-algorithms/?page=10
  topic : 92
  page 1: 10 q  https://www.examveda.com/data-structure/practice-mcq-question-on-searching-algorithms/
  page 2: 10 q  https://www.examveda.com/data-structure/practice-mcq-question-on-searching-algorithms/?page=2
  page 3: 10 q  https://www.examveda.com/data-structure/practice-mcq-question-on-searching-algorithms/?page=3
  page 4: 10 q  https://www.examveda.com/data-structure/practice-mcq-question-on-searching-algorithms/?page=4
  page 5: 10 q  https://www.examveda.com/data-structure/practice-mcq-question-on-searching-algorithms/?page=5
  page 6: 10 q  https://www.examveda.com/data-structure/practice-mcq-question-on-searching-algorithms/?page=6
  page 7: 9 q  https://www.examveda.com/data-structure/practice-mcq-question-on-searching-algorithms/?page=7
  page 8: 8 q  https://www.examveda.com/data-structure/practice-mcq-question-on-searching-algorithms/?page=8
  page 9: 9 q  https://www.examveda.com/data-structure/practice-mcq-question-on-searching-algorithms/?page=9
  page 10: 10 q  https://www.examveda.com/data-structure/practice-mcq-question-on-searching-algorithms/?page=10
  topic : 96
  page 1: 10 q  https://www.examveda.com/data-structure/practice-mcq-question-on-string-matching/
  page 2: 10 q  https://www.examveda.com/data-structure/practice-mcq-question-on-string-matching/?page=2
  page 3: 10 q  https://www.examveda.com/data-structure/practice-mcq-question-on-string-matching/?page=3
  page 4: 10 q  https://www.examveda.com/data-structure/practice-mcq-question-on-string-matching/?page=4
  page 5: 10 q  https://www.examveda.com/data-structure/practice-mcq-question-on-string-matching/?page=5
  page 6: 8 q  https://www.examveda.com/data-structure/practice-mcq-question-on-string-matching/?page=6
  page 7: 8 q  https://www.examveda.com/data-structure/practice-mcq-question-on-string-matching/?page=7
  topic : 66
  page 1: 10 q  https://www.examveda.com/data-structure/practice-mcq-question-on-advanced-trees-(avl,-redblack,-btrees)/
  page 2: 10 q  https://www.examveda.com/data-structure/practice-mcq-question-on-advanced-trees-(avl,-redblack,-btrees)/?page=2
  page 3: 10 q  https://www.examveda.com/data-structure/practice-mcq-question-on-advanced-trees-(avl,-redblack,-btrees)/?page=3
  page 4: 10 q  https://www.examveda.com/data-structure/practice-mcq-question-on-advanced-trees-(avl,-redblack,-btrees)/?page=4
  page 5: 9 q  https://www.examveda.com/data-structure/practice-mcq-question-on-advanced-trees-(avl,-redblack,-btrees)/?page=5
  page 6: 10 q  https://www.examveda.com/data-structure/practice-mcq-question-on-advanced-trees-(avl,-redblack,-btrees)/?page=6
  page 7: 10 q  https://www.examveda.com/data-structure/practice-mcq-question-on-advanced-trees-(avl,-redblack,-btrees)/?page=7
  page 8: 9 q  https://www.examveda.com/data-structure/practice-mcq-question-on-advanced-trees-(avl,-redblack,-btrees)/?page=8
  page 9: 7 q  https://www.examveda.com/data-structure/practice-mcq-question-on-advanced-trees-(avl,-redblack,-btrees)/?page=9
  page 10: 6 q  https://www.examveda.com/data-structure/practice-mcq-question-on-advanced-trees-(avl,-redblack,-btrees)/?page=10
  topic : 91
  page 1: 10 q  https://www.examveda.com/data-structure/practice-mcq-question-on-graph-algorithms-(dfs,-bfs,-dijkstras,-etc)/
  page 2: 10 q  https://www.examveda.com/data-structure/practice-mcq-question-on-graph-algorithms-(dfs,-bfs,-dijkstras,-etc)/?page=2
  page 3: 10 q  https://www.examveda.com/data-structure/practice-mcq-question-on-graph-algorithms-(dfs,-bfs,-dijkstras,-etc)/?page=3
  page 4: 10 q  https://www.examveda.com/data-structure/practice-mcq-question-on-graph-algorithms-(dfs,-bfs,-dijkstras,-etc)/?page=4
  page 5: 10 q  https://www.examveda.com/data-structure/practice-mcq-question-on-graph-algorithms-(dfs,-bfs,-dijkstras,-etc)/?page=5
  page 6: 9 q  https://www.examveda.com/data-structure/practice-mcq-question-on-graph-algorithms-(dfs,-bfs,-dijkstras,-etc)/?page=6
  page 7: 10 q  https://www.examveda.com/data-structure/practice-mcq-question-on-graph-algorithms-(dfs,-bfs,-dijkstras,-etc)/?page=7
  page 8: 9 q  https://www.examveda.com/data-structure/practice-mcq-question-on-graph-algorithms-(dfs,-bfs,-dijkstras,-etc)/?page=8
  page 9: 9 q  https://www.examveda.com/data-structure/practice-mcq-question-on-graph-algorithms-(dfs,-bfs,-dijkstras,-etc)/?page=9
  page 10: 9 q  https://www.examveda.com/data-structure/practice-mcq-question-on-graph-algorithms-(dfs,-bfs,-dijkstras,-etc)/?page=10
  topic : 96
  page 1: 10 q  https://www.examveda.com/data-structure/practice-mcq-question-on-dynamic-programming-in-data-structures/
  page 2: 10 q  https://www.examveda.com/data-structure/practice-mcq-question-on-dynamic-programming-in-data-structures/?page=2
  page 3: 10 q  https://www.examveda.com/data-structure/practice-mcq-question-on-dynamic-programming-in-data-structures/?page=3
  page 4: 10 q  https://www.examveda.com/data-structure/practice-mcq-question-on-dynamic-programming-in-data-structures/?page=4
  page 5: 10 q  https://www.examveda.com/data-structure/practice-mcq-question-on-dynamic-programming-in-data-structures/?page=5
  page 6: 10 q  https://www.examveda.com/data-structure/practice-mcq-question-on-dynamic-programming-in-data-structures/?page=6
  page 7: 9 q  https://www.examveda.com/data-structure/practice-mcq-question-on-dynamic-programming-in-data-structures/?page=7
  page 8: 8 q  https://www.examveda.com/data-structure/practice-mcq-question-on-dynamic-programming-in-data-structures/?page=8
  page 9: 9 q  https://www.examveda.com/data-structure/practice-mcq-question-on-dynamic-programming-in-data-structures/?page=9
  page 10: 9 q  https://www.examveda.com/data-structure/practice-mcq-question-on-dynamic-programming-in-data-structures/?page=10
  topic : 95
  page 1: 10 q  https://www.examveda.com/data-structure/practice-mcq-question-on-standard-libraries-in-data-structures/
  page 2: 10 q  https://www.examveda.com/data-structure/practice-mcq-question-on-standard-libraries-in-data-structures/?page=2
  page 3: 10 q  https://www.examveda.com/data-structure/practice-mcq-question-on-standard-libraries-in-data-structures/?page=3
  page 4: 10 q  https://www.examveda.com/data-structure/practice-mcq-question-on-standard-libraries-in-data-structures/?page=4
  page 5: 5 q  https://www.examveda.com/data-structure/practice-mcq-question-on-standard-libraries-in-data-structures/?page=5
  topic : 45
  page 1: 10 q  https://www.examveda.com/data-structure/practice-mcq-question-on-applications-of-data-structures/
  page 2: 10 q  https://www.examveda.com/data-structure/practice-mcq-question-on-applications-of-data-structures/?page=2
  page 3: 10 q  https://www.examveda.com/data-structure/practice-mcq-question-on-applications-of-data-structures/?page=3
  page 4: 10 q  https://www.examveda.com/data-structure/practice-mcq-question-on-applications-of-data-structures/?page=4
  page 5: 10 q  https://www.examveda.com/data-structure/practice-mcq-question-on-applications-of-data-structures/?page=5
  page 6: 10 q  https://www.examveda.com/data-structure/practice-mcq-question-on-applications-of-data-structures/?page=6
  topic : 60
  page 1: 10 q  https://www.examveda.com/data-structure/practice-mcq-question-on-miscellaneous-on-data-structures/
  page 2: 10 q  https://www.examveda.com/data-structure/practice-mcq-question-on-miscellaneous-on-data-structures/?page=2
  page 3: 10 q  https://www.examveda.com/data-structure/practice-mcq-question-on-miscellaneous-on-data-structures/?page=3
  page 4: 10 q  https://www.examveda.com/data-structure/practice-mcq-question-on-miscellaneous-on-data-structures/?page=4
  page 5: 10 q  https://www.examveda.com/data-structure/practice-mcq-question-on-miscellaneous-on-data-structures/?page=5
  page 6: 10 q  https://www.examveda.com/data-structure/practice-mcq-question-on-miscellaneous-on-data-structures/?page=6
  page 7: 10 q  https://www.examveda.com/data-structure/practice-mcq-question-on-miscellaneous-on-data-structures/?page=7
  page 8: 10 q  https://www.examveda.com/data-structure/practice-mcq-question-on-miscellaneous-on-data-structures/?page=8
  page 9: 10 q  https://www.examveda.com/data-structure/practice-mcq-question-on-miscellaneous-on-data-structures/?page=9
  page 10: 8 q  https://www.examveda.com/data-structure/practice-mcq-question-on-miscellaneous-on-data-structures/?page=10
  topic : 98
DS done: 1619
